Node arena:   262154 nodes, 0.0156256 GiB per memory server
Vector arena: 2000010 vectors, 0.596049 GiB per memory server -- caps writes at 2000000 per client for the whole run
Experiment: << Workload: /users/adb321/disco-skip-artifacts/workloads/oops-workloadc-uniform
Selected device: uverbs0
ibp8s0 uverbs0 NodeType::CA TransportType::IB
Binded successfully (port_id, port_lid) = (1, 130)
[CB:info] PD 'primary' registered
[CB:info] Buffer 'shared-buf' of size 6656 allocated
Client region: 6656 bytes
[CB:info] Mr 'shared-mr' under PD 'primary' registered with buf 'shared-buf' (offset: 0, length: 6656) and rights 15
[CB:info] Cq 'cq1' registered
[CE:info] Publishing qp qp-2-for-1
[CE:info] Connected to qp qp-1-for-2 with rights 15
[CE:info] Unpublishing qp qp-2-for-1
Bootstrap: wrote 5 nodes + 5 vectors (4 heads + 1 data node) to 1 replica(s)
Querying YCSB for the set of initial key-pairs... Done.
Inserting the initial key-pairs...  Done.
Configuring Client 2
Querying YCSB for the list of operations... Done. Packed 1000000 operations structural states.
Waiting for the initialization of other clients... Done.
Running the benchmark (YCSB Swarm Engine)... 
Done. Results:

################ Cache:
consulted:               yes
heads bootstrapped:      yes
levels:                  4
node capacity:           16
offset hint:             0.878 hit rate (838016 hit / 116719 miss)
nodes allocated:         16292 of 262144
vectors allocated:       133236 of 2000000
level 0: 2159 nodes, 418 orphans, 14005 entries
level 1: 277 nodes, 53 orphans, 1741 entries
level 2: 38 nodes, 7 orphans, 224 entries
level 3: 3 nodes, 2 orphans, 31 entries

################ Counters:
rdma_reads:              0
rdma_cas_attempts:       0
rdma_cas_failures:       0
gets_with_writeback:     0
gets_without_writeback:  0
put_retries:             0

################ Main stats:

Local tput: 1144 kops
Local duration: 0s
###DONE###
